<?xml version="1.0" encoding="UTF-8"?>
<!DOCTYPE mapper PUBLIC "-//mybatis.org//DTD Mapper 3.0//EN" "http://mybatis.org/dtd/mybatis-3-mapper.dtd">
<mapper namespace="com.mgl.dao.golden.CarGoldenDragonNumberDictMapper">

    <!-- 通用查询映射结果 -->
    <resultMap id="BaseResultMap" type="com.mgl.bean.golden.CarGoldenDragonNumberDict">
        <id column="car_id" property="carId" />
        <result column="car_num" property="carNum" />
        <result column="car_no" property="carNo" />
        <result column="car_terminal_num" property="carTerminalNum" />
        <result column="car_vin" property="carVin" />
        <result column="car_type" property="carType" />
        <result column="car_mileage" property="carMileage" />
        <result column="car_customer_client" property="carCustomerClient" />
        <result column="car_report_date" property="carReportDate" />
        <result column="car_final_location" property="carFinalLocation" />
        <result column="car_flag" property="carFlag" />
    </resultMap>

    <!-- 通用查询结果列 -->
    <sql id="Base_Column_List">
        car_id, car_num, car_no, car_terminal_num, car_vin, car_type, car_mileage, car_customer_client, car_report_date, car_final_location, car_flag
    </sql>


    <select id="findByVinName" resultType="com.mgl.bean.golden.CarGoldenDragonNumberDict">
        select * from car_golden_dragon_number_dict where car_vin = #{carVin} and car_flag = 0
    </select>

    <select id="findCarVin" resultType="string">
        select car_vin from car_golden_dragon_number_dict where car_flag = 0
    </select>
</mapper>
