<?xml version="1.0" encoding="UTF-8"?>
<!DOCTYPE mapper PUBLIC "-//mybatis.org//DTD Mapper 3.0//EN" "http://mybatis.org/dtd/mybatis-3-mapper.dtd">
<mapper namespace="com.mgl.dao.golden.GoldenDragonMapper">

    <!-- 通用查询映射结果 -->
    <resultMap id="BaseResultMap" type="com.mgl.bean.golden.GoldenDragon">
        <id column="id" property="id" />
        <result column="vin" property="vin" />
        <result column="terminal_number" property="terminalNumber" />
        <result column="online" property="online" />
        <result column="result" property="result" />
        <result column="total_current" property="totalCurrent" />
        <result column="total_voltage" property="totalVoltage" />
        <result column="soc" property="soc" />
        <result column="params_first" property="paramsFirst" />
        <result column="params_second" property="paramsSecond" />
        <result column="params_third" property="paramsThird" />
        <result column="params_fouth" property="paramsFouth" />
        <result column="params_fiveth" property="paramsFiveth" />
        <result column="params_six" property="paramsSix" />
        <result column="params_seven" property="paramsSeven" />
        <result column="params_eight" property="paramsEight" />
        <result column="params_ten" property="paramsTen" />
        <result column="params_eleven" property="paramsEleven" />
        <result column="params_tewlve" property="paramsTewlve" />
        <result column="params_thirteen" property="paramsThirteen" />
        <result column="params_fourteen" property="paramsFourteen" />
        <result column="ceate_time" property="ceateTime" />
        <result column="data_current_time" property="dataCurrentTime" />
    </resultMap>

    <!-- 通用查询结果列 -->
    <sql id="Base_Column_List">
        id, vin, terminal_number, online, result, total_current, total_voltage, soc, params_first, params_second, params_third, params_fouth, params_fiveth, params_six, params_seven, params_eight, params_ten, params_eleven, params_tewlve, params_thirteen, params_fourteen, ceate_time,data_current_time
    </sql>
    <select id="getOrderDate" resultType="com.mgl.bean.golden.GoldenDragon">
        SELECT * from golden_dragon  where vin = #{vin} ORDER BY data_current_time
    </select>

</mapper>
